<replace>/
├── no user
│   ├── laptop_apple_macbookpro.8
│   └── laptop_apple_macbookpro.9
├── shelf
│   └── laptop_apple_macbookpro.1
├── trash bin
│   └── this_device_is very.good
└── user
    ├── laptop_apple_macbookpro.4
    ├── laptop_apple_macbookpro.5
    └── laptop_apple_macbookpro.6

4 directories, 7 files
