The following assets and directories will be deleted:
<replace>
Delete assets? (y/N) 

