INFO:onyo:Initialized empty Git repository in <replace>/.git/
INFO:onyo:Initialized Onyo repository in <replace>/.onyo/
